// Jest Snapshot v1, https://goo.gl/fbAQLP

exports[`ian map data source sdOnMouseEnterHandler 1`] = `undefined`;

exports[`ian map data source sdOnMouseLeaveHandler 1`] = `undefined`;
