// Jest Snapshot v1, https://goo.gl/fbAQLP

exports[`ui map call useMapNonPreferredEventData 1`] = `[]`;

exports[`ui map call useMapPreferredEventData 1`] = `
[
  {
    "activeAnalysts": [],
    "confidenceSemiMajorAxis": undefined,
    "confidenceSemiMajorAxisTrend": undefined,
    "confidenceSemiMinorAxis": undefined,
    "conflict": false,
    "coverageSemiMajorAxis": undefined,
    "coverageSemiMajorAxisTrend": undefined,
    "coverageSemiMinorAxis": undefined,
    "deleted": false,
    "depthKm": {
      "uncertainty": undefined,
      "value": 3.3,
    },
    "eventFilterOptions": [
      "After",
    ],
    "geoOverlappingEvents": 2,
    "id": "eventID",
    "isActionTarget": false,
    "isOpen": false,
    "isUnqualifiedActionTarget": false,
    "latitudeDegrees": 1.1,
    "longitudeDegrees": 2.2,
    "magnitudeMb": 1.2,
    "magnitudeMl": undefined,
    "magnitudeMs": undefined,
    "numberAssociated": 1,
    "numberDefining": 0,
    "observationsStandardDeviation": undefined,
    "preferred": true,
    "region": "TBD",
    "rejected": false,
    "status": undefined,
    "time": {
      "uncertainty": undefined,
      "value": 3600,
    },
    "unsavedChanges": false,
  },
  {
    "activeAnalysts": [],
    "confidenceSemiMajorAxis": undefined,
    "confidenceSemiMajorAxisTrend": undefined,
    "confidenceSemiMinorAxis": undefined,
    "conflict": false,
    "coverageSemiMajorAxis": undefined,
    "coverageSemiMajorAxisTrend": undefined,
    "coverageSemiMinorAxis": undefined,
    "deleted": false,
    "depthKm": {
      "uncertainty": undefined,
      "value": 3.3,
    },
    "eventFilterOptions": [
      "After",
    ],
    "geoOverlappingEvents": 2,
    "id": "eventID",
    "isActionTarget": false,
    "isOpen": false,
    "isUnqualifiedActionTarget": false,
    "latitudeDegrees": 1.1,
    "longitudeDegrees": 2.2,
    "magnitudeMb": 1.2,
    "magnitudeMl": undefined,
    "magnitudeMs": undefined,
    "numberAssociated": 1,
    "numberDefining": 0,
    "observationsStandardDeviation": undefined,
    "preferred": true,
    "region": "TBD",
    "rejected": false,
    "status": undefined,
    "time": {
      "uncertainty": undefined,
      "value": 3600,
    },
    "unsavedChanges": false,
  },
]
`;
