2010-01-22T02:06:16.012    120.0  0.116                              25.1   1.00  25   34   5
2010-01-22T02:06:24.762    120.0  0.116                              14.9   1.00  25   34   0
2010-01-22T02:06:58.012    120.0  0.223                              12.3   0.97  25   42   3
2010-01-22T02:07:11.262    120.0  0.223                              19.5   1.00  25   42   3
