// Jest Snapshot v1, https://goo.gl/fbAQLP

exports[`SOH App matches a snapshot 1`] = `
<div>
  <div
    class="popout-component"
    data-gms-ui-mode="soh"
    style="width: 100%; height: 100%; background-color: rgb(37, 42, 49);"
  >
    <div
      class="gms-theme-provider bp4-dark"
      style="--open-associated-text-color: #10161a; --complete-associated-text-color: #10161a; --other-associated-text-color: #10161a; --unassociated-text-color: #f5f8fa; --deleted-sd-text-color: #10161a; --table-selection-text-color: #000000;"
    >
      <div
        class="workspace-outer-container"
        data-cy="workspace"
        data-gms-ui-mode="soh"
        tabindex="0"
      >
        <div
          class="bp4-non-ideal-state bp4-non-ideal-state-vertical workspace-container"
        >
          <div
            class="bp4-non-ideal-state-text"
          >
            <h4
              class="bp4-heading"
            >
              Loading Default Layout
            </h4>
            <div>
              Retrieving default layout for user...
            </div>
          </div>
          <div
            aria-valuemax="100"
            aria-valuemin="0"
            class="bp4-spinner bp4-intent-primary"
            role="progressbar"
          >
            <div
              class="bp4-spinner-animation"
            >
              <svg
                height="50"
                stroke-width="8.00"
                viewBox="1.00 1.00 98.00 98.00"
                width="50"
              >
                <path
                  class="bp4-spinner-track"
                  d="M 50,50 m 0,-45 a 45,45 0 1 1 0,90 a 45,45 0 1 1 0,-90"
                />
                <path
                  class="bp4-spinner-head"
                  d="M 50,50 m 0,-45 a 45,45 0 1 1 0,90 a 45,45 0 1 1 0,-90"
                  pathLength="280"
                  stroke-dasharray="280 280"
                  stroke-dashoffset="210"
                />
              </svg>
            </div>
          </div>
        </div>
        <div
          class="status-bar"
        >
          <span
            aria-haspopup="true"
            class="bp4-popover2-target"
          >
            <div
              class="loading-widget"
              role="button"
            >
              <span
                aria-hidden="true"
                class="bp4-icon bp4-icon-tick"
                icon="tick"
              >
                <svg
                  data-icon="tick"
                  height="20"
                  role="img"
                  viewBox="0 0 20 20"
                  width="20"
                >
                  <path
                    d="M17 4c-.28 0-.53.11-.71.29L7 13.59 3.71 10.3A.965.965 0 003 10a1.003 1.003 0 00-.71 1.71l4 4c.18.18.43.29.71.29s.53-.11.71-.29l10-10A1.003 1.003 0 0017 4z"
                    fill-rule="evenodd"
                  />
                </svg>
              </span>
              <span
                class="loading-counter"
              >
                0/0
              </span>
              <div
                class="loading-info"
              >
                <span
                  class="loading-info__label"
                >
                  Loading: 
                </span>
                Complete
              </div>
            </div>
          </span>
        </div>
      </div>
      <div
        class="Toastify"
      />
    </div>
  </div>
</div>
`;
