// Jest Snapshot v1, https://goo.gl/fbAQLP

exports[`workflow slice exists exists 1`] = `
{
  "analysisMode": null,
  "openActivityNames": [],
  "openIntervalName": null,
  "stationGroup": null,
  "timeRange": {
    "endTimeSecs": null,
    "startTimeSecs": null,
  },
}
`;
