// Jest Snapshot v1, https://goo.gl/fbAQLP

exports[`soh-status-buffer tests check state with data added 1`] = `
{
  "isUpdateResponse": false,
  "stationGroups": [],
  "stationSoh": [
    {
      "allStationAggregates": [],
      "channelSohs": [
        {
          "allSohMonitorValueAndStatuses": [
            {
              "contributing": false,
              "hasUnacknowledgedChanges": false,
              "monitorType": "LAG",
              "quietUntilMs": 1,
              "status": "GOOD",
              "thresholdBad": 3,
              "thresholdMarginal": 3,
              "value": 10,
              "valuePresent": true,
            },
            {
              "contributing": false,
              "hasUnacknowledgedChanges": false,
              "monitorType": "LAG",
              "quietUntilMs": 1,
              "status": "GOOD",
              "thresholdBad": 3,
              "thresholdMarginal": 3,
              "value": 11,
              "valuePresent": true,
            },
          ],
          "channelName": "adsf",
          "channelSohStatus": undefined,
        },
      ],
      "id": "ABC",
      "needsAcknowledgement": false,
      "needsAttention": false,
      "sohStatusSummary": undefined,
      "stationGroups": [],
      "stationName": "ABC",
      "statusContributors": [],
      "time": undefined,
      "uuid": "ABC",
    },
  ],
}
`;
