// Jest Snapshot v1, https://goo.gl/fbAQLP

exports[`FK thumbnails tests matches snapshot 1`] = `
{
  "asFragment": [Function],
  "baseElement": <body>
    <div>
      <div
        class="azimuth-slowness-thumbnails__wrapper-3"
        tabindex="0"
      >
        <div
          class="fk-thumbnail selected"
          style="width: 300px; height: 300px;"
        >
          <div
            class="fk-thumbnail__label--reviewed"
          >
            ASAR P
          </div>
          <canvas
            class="fk-thumbnail__canvas"
            height="300"
            width="300"
          />
        </div>
        <div
          class="fk-thumbnail "
          style="width: 300px; height: 300px;"
        >
          <div
            class="fk-thumbnail__label--reviewed"
          >
            ASAR Pg
          </div>
          <canvas
            class="fk-thumbnail__canvas"
            height="300"
            width="300"
          />
        </div>
        <div
          class="fk-thumbnail "
          style="width: 300px; height: 300px;"
        >
          <div
            class="fk-thumbnail__label--reviewed"
          >
            ASAR P
          </div>
          <canvas
            class="fk-thumbnail__canvas"
            height="300"
            width="300"
          />
        </div>
        <div
          class="fk-thumbnail "
          style="width: 300px; height: 300px;"
        >
          <div
            class="fk-thumbnail__label--reviewed"
          >
            PDAR P
          </div>
          <canvas
            class="fk-thumbnail__canvas"
            height="300"
            width="300"
          />
        </div>
      </div>
    </div>
  </body>,
  "container": <div>
    <div
      class="azimuth-slowness-thumbnails__wrapper-3"
      tabindex="0"
    >
      <div
        class="fk-thumbnail selected"
        style="width: 300px; height: 300px;"
      >
        <div
          class="fk-thumbnail__label--reviewed"
        >
          ASAR P
        </div>
        <canvas
          class="fk-thumbnail__canvas"
          height="300"
          width="300"
        />
      </div>
      <div
        class="fk-thumbnail "
        style="width: 300px; height: 300px;"
      >
        <div
          class="fk-thumbnail__label--reviewed"
        >
          ASAR Pg
        </div>
        <canvas
          class="fk-thumbnail__canvas"
          height="300"
          width="300"
        />
      </div>
      <div
        class="fk-thumbnail "
        style="width: 300px; height: 300px;"
      >
        <div
          class="fk-thumbnail__label--reviewed"
        >
          ASAR P
        </div>
        <canvas
          class="fk-thumbnail__canvas"
          height="300"
          width="300"
        />
      </div>
      <div
        class="fk-thumbnail "
        style="width: 300px; height: 300px;"
      >
        <div
          class="fk-thumbnail__label--reviewed"
        >
          PDAR P
        </div>
        <canvas
          class="fk-thumbnail__canvas"
          height="300"
          width="300"
        />
      </div>
    </div>
  </div>,
  "debug": [Function],
  "findAllByAltText": [Function],
  "findAllByDisplayValue": [Function],
  "findAllByLabelText": [Function],
  "findAllByPlaceholderText": [Function],
  "findAllByRole": [Function],
  "findAllByTestId": [Function],
  "findAllByText": [Function],
  "findAllByTitle": [Function],
  "findByAltText": [Function],
  "findByDisplayValue": [Function],
  "findByLabelText": [Function],
  "findByPlaceholderText": [Function],
  "findByRole": [Function],
  "findByTestId": [Function],
  "findByText": [Function],
  "findByTitle": [Function],
  "getAllByAltText": [Function],
  "getAllByDisplayValue": [Function],
  "getAllByLabelText": [Function],
  "getAllByPlaceholderText": [Function],
  "getAllByRole": [Function],
  "getAllByTestId": [Function],
  "getAllByText": [Function],
  "getAllByTitle": [Function],
  "getByAltText": [Function],
  "getByDisplayValue": [Function],
  "getByLabelText": [Function],
  "getByPlaceholderText": [Function],
  "getByRole": [Function],
  "getByTestId": [Function],
  "getByText": [Function],
  "getByTitle": [Function],
  "queryAllByAltText": [Function],
  "queryAllByDisplayValue": [Function],
  "queryAllByLabelText": [Function],
  "queryAllByPlaceholderText": [Function],
  "queryAllByRole": [Function],
  "queryAllByTestId": [Function],
  "queryAllByText": [Function],
  "queryAllByTitle": [Function],
  "queryByAltText": [Function],
  "queryByDisplayValue": [Function],
  "queryByLabelText": [Function],
  "queryByPlaceholderText": [Function],
  "queryByRole": [Function],
  "queryByTestId": [Function],
  "queryByText": [Function],
  "queryByTitle": [Function],
  "rerender": [Function],
  "unmount": [Function],
}
`;
