// Jest Snapshot v1, https://goo.gl/fbAQLP

exports[`Signal Detection Context Menu Utils getSignalDetectionDetailsProps 1`] = `
{
  "assocStatus": "Associated to open event",
  "color": "#000000",
  "signalDetection": {
    "id": "012de1b9-8ae3-3fd4-800d-58665c3152cc",
    "monitoringOrganization": "GMS",
    "signalDetectionHypotheses": [
      {
        "deleted": false,
        "featureMeasurements": [
          {
            "channel": {
              "effectiveAt": 1636503404,
              "name": "ASAR.beam.SHZ/beam,fk,coherent/steer,az_90.142deg,slow_7.122s_per_deg/06c0cb24-ab8f-3853-941d-bdf5e73a51b4",
            },
            "featureMeasurementType": "LONG_PERIOD_FIRST_MOTION",
            "measuredChannelSegment": {
              "id": {
                "channel": {
                  "effectiveAt": 1636503404,
                  "name": "ASAR.beam.SHZ/beam,fk,coherent/steer,az_90.142deg,slow_7.122s_per_deg/06c0cb24-ab8f-3853-941d-bdf5e73a51b4",
                },
                "creationTime": 1636503404,
                "endTime": 1636503704,
                "startTime": 1636503404,
              },
            },
            "measurementValue": {
              "confidence": null,
              "referenceTime": 1636503404,
              "value": "INDETERMINATE",
            },
            "snr": null,
          },
          {
            "analysisWaveform": {
              "filterDefinition": undefined,
              "filterDefinitionUsage": undefined,
              "waveform": {
                "id": {
                  "channel": {
                    "effectiveAt": 1636503404,
                    "name": "ASAR.beam.SHZ/beam,fk,coherent/steer,az_90.142deg,slow_7.122s_per_deg/06c0cb24-ab8f-3853-941d-bdf5e73a51b4",
                  },
                  "creationTime": 1636503404,
                  "endTime": 1636503704,
                  "startTime": 1636503404,
                },
              },
            },
            "channel": {
              "effectiveAt": 1636503404,
              "name": "ASAR.beam.SHZ/beam,fk,coherent/steer,az_90.142deg,slow_7.122s_per_deg/06c0cb24-ab8f-3853-941d-bdf5e73a51b4",
            },
            "featureMeasurementType": "ARRIVAL_TIME",
            "measuredChannelSegment": {
              "id": {
                "channel": {
                  "effectiveAt": 1636503404,
                  "name": "ASAR.beam.SHZ/beam,fk,coherent/steer,az_90.142deg,slow_7.122s_per_deg/06c0cb24-ab8f-3853-941d-bdf5e73a51b4",
                },
                "creationTime": 1636503404,
                "endTime": 1636503704,
                "startTime": 1636503404,
              },
            },
            "measurementValue": {
              "arrivalTime": {
                "standardDeviation": 1.162,
                "value": 1636503404,
              },
              "travelTime": null,
            },
            "snr": {
              "standardDeviation": null,
              "units": "DECIBELS",
              "value": 8.9939442,
            },
          },
          {
            "channel": {
              "effectiveAt": 1636503404,
              "name": "ASAR.beam.SHZ/beam,fk,coherent/steer,az_90.142deg,slow_7.122s_per_deg/06c0cb24-ab8f-3853-941d-bdf5e73a51b4",
            },
            "featureMeasurementType": "PHASE",
            "measuredChannelSegment": {
              "id": {
                "channel": {
                  "effectiveAt": 1636503404,
                  "name": "ASAR.beam.SHZ/beam,fk,coherent/steer,az_90.142deg,slow_7.122s_per_deg/06c0cb24-ab8f-3853-941d-bdf5e73a51b4",
                },
                "creationTime": 1636503404,
                "endTime": 1636503704,
                "startTime": 1636503404,
              },
            },
            "measurementValue": {
              "confidence": 50,
              "referenceTime": 1636503404,
              "value": "P",
            },
            "snr": null,
          },
          {
            "channel": {
              "effectiveAt": 1636503404,
              "name": "ASAR.beam.SHZ/beam,fk,coherent/steer,az_90.142deg,slow_7.122s_per_deg/06c0cb24-ab8f-3853-941d-bdf5e73a51b4",
            },
            "featureMeasurementType": "SHORT_PERIOD_FIRST_MOTION",
            "measuredChannelSegment": {
              "id": {
                "channel": {
                  "effectiveAt": 1636503404,
                  "name": "ASAR.beam.SHZ/beam,fk,coherent/steer,az_90.142deg,slow_7.122s_per_deg/06c0cb24-ab8f-3853-941d-bdf5e73a51b4",
                },
                "creationTime": 1636503404,
                "endTime": 1636503704,
                "startTime": 1636503404,
              },
            },
            "measurementValue": {
              "confidence": null,
              "referenceTime": 1636503404,
              "value": "INDETERMINATE",
            },
            "snr": null,
          },
          {
            "analysisWaveform": {
              "filterDefinition": undefined,
              "filterDefinitionUsage": undefined,
              "waveform": {
                "id": {
                  "channel": {
                    "effectiveAt": 1636503404,
                    "name": "ASAR.beam.SHZ/beam,fk,coherent/steer,az_90.142deg,slow_7.122s_per_deg/06c0cb24-ab8f-3853-941d-bdf5e73a51b4",
                  },
                  "creationTime": 1636503404,
                  "endTime": 1636503704,
                  "startTime": 1636503404,
                },
              },
            },
            "channel": {
              "effectiveAt": 1636503404,
              "name": "ASAR.beam.SHZ/beam,fk,coherent/steer,az_90.142deg,slow_7.122s_per_deg/06c0cb24-ab8f-3853-941d-bdf5e73a51b4",
            },
            "featureMeasurementType": "RECEIVER_TO_SOURCE_AZIMUTH",
            "measuredChannelSegment": {
              "id": {
                "channel": {
                  "effectiveAt": 1636503404,
                  "name": "ASAR.beam.SHZ/beam,fk,coherent/steer,az_90.142deg,slow_7.122s_per_deg/06c0cb24-ab8f-3853-941d-bdf5e73a51b4",
                },
                "creationTime": 1636503404,
                "endTime": 1636503704,
                "startTime": 1636503404,
              },
            },
            "measurementValue": {
              "measuredValue": {
                "standardDeviation": 2.2089042,
                "units": "DEGREES",
                "value": 90.142121,
              },
              "referenceTime": null,
            },
            "snr": null,
          },
          {
            "channel": {
              "effectiveAt": 1636503404,
              "name": "ASAR.beam.SHZ/beam,fk,coherent/steer,az_90.142deg,slow_7.122s_per_deg/06c0cb24-ab8f-3853-941d-bdf5e73a51b4",
            },
            "featureMeasurementType": "EMERGENCE_ANGLE",
            "measuredChannelSegment": {
              "id": {
                "channel": {
                  "effectiveAt": 1636503404,
                  "name": "ASAR.beam.SHZ/beam,fk,coherent/steer,az_90.142deg,slow_7.122s_per_deg/06c0cb24-ab8f-3853-941d-bdf5e73a51b4",
                },
                "creationTime": 1636503404,
                "endTime": 1636503704,
                "startTime": 1636503404,
              },
            },
            "measurementValue": {
              "measuredValue": {
                "standardDeviation": null,
                "units": "DEGREES",
                "value": -1,
              },
              "referenceTime": null,
            },
            "snr": null,
          },
          {
            "channel": {
              "effectiveAt": 1636503404,
              "name": "ASAR.beam.SHZ/beam,fk,coherent/steer,az_90.142deg,slow_7.122s_per_deg/06c0cb24-ab8f-3853-941d-bdf5e73a51b4",
            },
            "featureMeasurementType": "SLOWNESS",
            "measuredChannelSegment": {
              "id": {
                "channel": {
                  "effectiveAt": 1636503404,
                  "name": "ASAR.beam.SHZ/beam,fk,coherent/steer,az_90.142deg,slow_7.122s_per_deg/06c0cb24-ab8f-3853-941d-bdf5e73a51b4",
                },
                "creationTime": 1636503404,
                "endTime": 1636503704,
                "startTime": 1636503404,
              },
            },
            "measurementValue": {
              "measuredValue": {
                "standardDeviation": 0.27,
                "units": "SECONDS_PER_DEGREE",
                "value": 7.1219535,
              },
              "referenceTime": null,
            },
            "snr": null,
          },
          {
            "channel": {
              "effectiveAt": 1636503404,
              "name": "ASAR.beam.SHZ/beam,fk,coherent/steer,az_90.142deg,slow_7.122s_per_deg/06c0cb24-ab8f-3853-941d-bdf5e73a51b4",
            },
            "featureMeasurementType": "RECTILINEARITY",
            "measuredChannelSegment": {
              "id": {
                "channel": {
                  "effectiveAt": 1636503404,
                  "name": "ASAR.beam.SHZ/beam,fk,coherent/steer,az_90.142deg,slow_7.122s_per_deg/06c0cb24-ab8f-3853-941d-bdf5e73a51b4",
                },
                "creationTime": 1636503404,
                "endTime": 1636503704,
                "startTime": 1636503404,
              },
            },
            "measurementValue": {
              "measuredValue": {
                "standardDeviation": null,
                "units": "UNITLESS",
                "value": -1,
              },
              "referenceTime": null,
            },
            "snr": null,
          },
          {
            "channel": {
              "effectiveAt": 1636503404,
              "name": "ASAR.beam.SHZ/beam,fk,coherent/steer,az_90.142deg,slow_7.122s_per_deg/06c0cb24-ab8f-3853-941d-bdf5e73a51b4",
            },
            "featureMeasurementType": "AMPLITUDE_A5_OVER_2",
            "measuredChannelSegment": {
              "id": {
                "channel": {
                  "effectiveAt": 1636503404,
                  "name": "ASAR.beam.SHZ/beam,fk,coherent/steer,az_90.142deg,slow_7.122s_per_deg/06c0cb24-ab8f-3853-941d-bdf5e73a51b4",
                },
                "creationTime": 1636503404,
                "endTime": 1636503704,
                "startTime": 1636503404,
              },
            },
            "measurementValue": {
              "amplitude": {
                "standardDeviation": 0.5,
                "units": "MAGNITUDE",
                "value": 5,
              },
              "clipped": false,
              "measurementTime": 1636503404,
              "measurementWindowDuration": 6,
              "measurementWindowStart": 1636503404,
              "period": 0.25,
            },
            "snr": {
              "standardDeviation": null,
              "units": "DECIBELS",
              "value": 8.9939442,
            },
          },
        ],
        "id": {
          "id": "20cc9505-efe3-3068-b7d5-59196f37992c",
          "signalDetectionId": "012de1b9-8ae3-3fd4-800d-58665c3152cc",
        },
        "monitoringOrganization": "GMS",
        "parentSignalDetectionHypothesis": null,
        "station": {
          "effectiveAt": null,
          "name": "ASAR",
        },
      },
    ],
    "station": {
      "name": "ASAR",
    },
  },
  "swatchTooltipText": "Open event, before interval",
}
`;
