// Jest Snapshot v1, https://goo.gl/fbAQLP

exports[`station properties configuration slice should return the initial state 1`] = `
{
  "channelConfigurationColumns": {
    "calibrationEffectiveAt": true,
    "calibrationFactor": true,
    "calibrationPeriod": true,
    "calibrationResponseId": true,
    "calibrationStandardDeviation": true,
    "calibrationTimeShift": true,
    "channelBandType": false,
    "channelDataType": false,
    "channelInstrumentType": false,
    "channelOrientationCode": false,
    "channelOrientationType": false,
    "depthKm": true,
    "description": true,
    "eastDisplacementKm": true,
    "effectiveAt": true,
    "effectiveUntil": true,
    "elevationKm": true,
    "fapResponseId": true,
    "latitudeDegrees": true,
    "longitudeDegrees": true,
    "name": true,
    "nominalSampleRateHz": true,
    "northDisplacementKm": true,
    "orientationHorizontalDegrees": true,
    "orientationVerticalDegrees": true,
    "units": true,
    "verticalDisplacementKm": true,
  },
  "channelGroupConfigurationColumns": {
    "depthKm": true,
    "description": true,
    "effectiveAt": true,
    "effectiveUntil": true,
    "elevationKm": true,
    "latitudeDegrees": true,
    "longitudeDegrees": true,
    "name": true,
    "type": true,
  },
  "selectedEffectiveAtIndex": 0,
}
`;

exports[`station properties configuration slice should return the initial state 2`] = `
{
  "channelConfigurationColumns": {
    "calibrationEffectiveAt": true,
    "calibrationFactor": true,
    "calibrationPeriod": true,
    "calibrationResponseId": true,
    "calibrationStandardDeviation": true,
    "calibrationTimeShift": true,
    "channelBandType": false,
    "channelDataType": false,
    "channelInstrumentType": false,
    "channelOrientationCode": false,
    "channelOrientationType": false,
    "depthKm": true,
    "description": true,
    "eastDisplacementKm": true,
    "effectiveAt": true,
    "effectiveUntil": true,
    "elevationKm": true,
    "fapResponseId": true,
    "latitudeDegrees": true,
    "longitudeDegrees": true,
    "name": true,
    "nominalSampleRateHz": true,
    "northDisplacementKm": true,
    "orientationHorizontalDegrees": true,
    "orientationVerticalDegrees": true,
    "units": true,
    "verticalDisplacementKm": true,
  },
  "channelGroupConfigurationColumns": {
    "depthKm": true,
    "description": true,
    "effectiveAt": true,
    "effectiveUntil": true,
    "elevationKm": true,
    "latitudeDegrees": true,
    "longitudeDegrees": true,
    "name": true,
    "type": true,
  },
  "selectedEffectiveAtIndex": 0,
}
`;

exports[`station properties configuration slice should return the initial state 3`] = `
{
  "channelConfigurationColumns": {
    "calibrationEffectiveAt": true,
    "calibrationFactor": true,
    "calibrationPeriod": true,
    "calibrationResponseId": true,
    "calibrationStandardDeviation": true,
    "calibrationTimeShift": true,
    "channelBandType": false,
    "channelDataType": false,
    "channelInstrumentType": false,
    "channelOrientationCode": false,
    "channelOrientationType": false,
    "depthKm": true,
    "description": true,
    "eastDisplacementKm": true,
    "effectiveAt": true,
    "effectiveUntil": true,
    "elevationKm": true,
    "fapResponseId": true,
    "latitudeDegrees": true,
    "longitudeDegrees": true,
    "name": true,
    "nominalSampleRateHz": true,
    "northDisplacementKm": true,
    "orientationHorizontalDegrees": true,
    "orientationVerticalDegrees": true,
    "units": true,
    "verticalDisplacementKm": true,
  },
  "channelGroupConfigurationColumns": {
    "depthKm": true,
    "description": true,
    "effectiveAt": true,
    "effectiveUntil": true,
    "elevationKm": true,
    "latitudeDegrees": true,
    "longitudeDegrees": true,
    "name": true,
    "type": true,
  },
  "selectedEffectiveAtIndex": 0,
}
`;

exports[`station properties configuration slice should return the initial state 4`] = `
{
  "channelConfigurationColumns": {
    "calibrationEffectiveAt": true,
    "calibrationFactor": true,
    "calibrationPeriod": true,
    "calibrationResponseId": true,
    "calibrationStandardDeviation": true,
    "calibrationTimeShift": true,
    "channelBandType": false,
    "channelDataType": false,
    "channelInstrumentType": false,
    "channelOrientationCode": false,
    "channelOrientationType": false,
    "depthKm": true,
    "description": true,
    "eastDisplacementKm": true,
    "effectiveAt": true,
    "effectiveUntil": true,
    "elevationKm": true,
    "fapResponseId": true,
    "latitudeDegrees": true,
    "longitudeDegrees": true,
    "name": true,
    "nominalSampleRateHz": true,
    "northDisplacementKm": true,
    "orientationHorizontalDegrees": true,
    "orientationVerticalDegrees": true,
    "units": true,
    "verticalDisplacementKm": true,
  },
  "channelGroupConfigurationColumns": {
    "depthKm": true,
    "description": true,
    "effectiveAt": true,
    "effectiveUntil": true,
    "elevationKm": true,
    "latitudeDegrees": true,
    "longitudeDegrees": true,
    "name": true,
    "type": true,
  },
  "selectedEffectiveAtIndex": 0,
}
`;
