// Jest Snapshot v1, https://goo.gl/fbAQLP

exports[`UI State Waveform Hooks Use Hook for Waveform Query returns the use waveform query for current channels value and a setter 1`] = `
{
  "all": [
    {
      "data": {},
      "fulfilled": 0,
      "isError": false,
      "isLoading": false,
      "pending": 0,
      "rejected": 0,
    },
  ],
  "current": {
    "data": {},
    "fulfilled": 0,
    "isError": false,
    "isLoading": false,
    "pending": 0,
    "rejected": 0,
  },
  "error": undefined,
}
`;
