// Jest Snapshot v1, https://goo.gl/fbAQLP

exports[`Processing Configuration Util can retrieve ui theme configuration 1`] = `
{
  "colors": {
    "completeEventSDColor": "#62D96B",
    "completeEventSDHoverColor": "#BBFFBC",
    "conflict": "#FF0000",
    "deletedEventColor": "#ff6347",
    "deletedSdColor": "#ff6347",
    "fkNeedsReview": "#EBFF00",
    "fkSelection": "#00FFFF",
    "gmsActionTarget": "#ffffff",
    "gmsBackground": "#182026",
    "gmsMain": "#f5f8fa",
    "gmsMainInverted": "#10161a",
    "gmsSelection": "#1589d1",
    "gmsTableSelection": "#f5f8fa",
    "mapStationDefault": "#6F6E74",
    "mapVisibleStation": "#D9822B",
    "openEventSDColor": "#C87619",
    "otherEventSDColor": "#FFFFFF",
    "popover": {
      "background": "#30404d",
      "gridBackground": "#3d4b58",
      "header": "#30404d",
      "input": "303d46",
      "invalidInput": "#1c2127",
    },
    "predictionSDColor": "#C58C1B",
    "qcMaskColors": {
      "analystDefined": "#EB06C8",
      "dataAuthentication": "#8A57FF",
      "longTerm": "#0E9B96",
      "processingMask": "#F87C2E",
      "rejected": "#FF0000",
      "stationSOH": "#B58400",
      "unprocessed": "#FFFFFF",
      "waveform": "#00E22B",
    },
    "rejectedEventColor": "#ab83f1",
    "unassociatedSDColor": "#C23030",
    "waveformDimPercent": 0.75,
    "waveformFilterLabel": "#F6F7F9",
    "waveformMaskLabel": "#EB06C8",
    "waveformRaw": "#3FA6DA",
    "weavessOutOfBounds": "#10161a",
  },
  "display": {
    "edgeEventOpacity": 0.5,
    "edgeSDOpacity": 0.2,
    "predictionSDOpacity": 0.1,
  },
  "isDarkMode": true,
  "name": "GMS Default (dark)",
}
`;
