// Jest Snapshot v1, https://goo.gl/fbAQLP

exports[`Weavess Signal Detection renders 1`] = `
<div>
  <div
    class="signal-detection__pick"
  >
    <div
      class="pick-marker pick-marker--selected pick-marker--selectable"
      style="--pick-marker-color: red;"
    >
      <div
        class="pick-marker__vertical"
        data-cy-predicted="pick-marker-pick-predicted-false"
        style="left: 10%; filter: none;"
      />
      <div
        class="pick-marker__label pick-marker__label--top"
        data-cy="pick-marker-foo"
        data-cy-color="pick-marker-red"
        data-cy-is-predicted-phase="false"
        data-cy-phase="P"
        data-cy-style-left="10"
        style="left: calc(4px + 10%); filter: none;"
      >
        P
      </div>
      <div
        class="uncertainty-marker"
      >
        <div
          class="uncertainty-marker__vertical uncertainty-marker__vertical--left"
          style="border-left: 1.5px solid red; left: 8.5%;"
        />
        <div
          class="uncertainty-marker__invisible-drag-target"
          style="left: 8.49%; right: 91.49%;"
        />
        <div
          class="uncertainty-marker__horizontal"
          style="border-top: 1.5px solid red; left: 8.5%; width: 1.5%;"
        />
      </div>
      <div
        class="uncertainty-marker"
      >
        <div
          class="uncertainty-marker__vertical uncertainty-marker__vertical--right"
          style="border-left: 1.5px solid red; left: 11.5%;"
        />
        <div
          class="uncertainty-marker__invisible-drag-target"
          style="left: 11.49%; right: 88.49%;"
        />
        <div
          class="uncertainty-marker__horizontal"
          style="border-top: 1.5px solid red; left: 10%; width: 1.5%;"
        />
      </div>
    </div>
  </div>
</div>
`;
