// Jest Snapshot v1, https://goo.gl/fbAQLP

exports[`Event Table Column Defs has column definitions 1`] = `
[
  {
    "cellRenderer": [Function],
    "comparator": [Function],
    "field": "unsavedChanges",
    "headerClass": "ag-grid__unsaved-changes",
    "headerComponent": {
      "$$typeof": Symbol(react.memo),
      "compare": null,
      "type": [Function],
    },
    "headerName": "Unsaved changes",
    "headerTooltip": "Unsaved changes",
    "width": 55,
  },
  {
    "cellRenderer": [Function],
    "field": "conflict",
    "headerName": "Conflict",
    "headerTooltip": "Conflict",
  },
  {
    "field": "time",
    "headerName": "Time",
    "headerTooltip": "Time",
    "sort": "asc",
    "valueFormatter": [Function],
    "valueGetter": [Function],
    "width": 300,
  },
  {
    "field": "timeUncertainty",
    "headerName": "Time Std Deviation (s)",
    "headerTooltip": "Event time standard deviation",
    "valueFormatter": [Function],
    "valueGetter": [Function],
    "width": 150,
  },
  {
    "field": "latitudeDegrees",
    "filterValueGetter": [Function],
    "headerName": "Lat (°)",
    "headerTooltip": "Latitude in degrees",
    "valueFormatter": [Function],
  },
  {
    "field": "longitudeDegrees",
    "filterValueGetter": [Function],
    "headerName": "Lon (°)",
    "headerTooltip": "Longitude in degrees",
    "valueFormatter": [Function],
  },
  {
    "field": "depthKm",
    "headerName": "Depth (km)",
    "headerTooltip": "Depth in kilometers",
    "valueFormatter": [Function],
    "valueGetter": [Function],
    "width": 200,
  },
  {
    "field": "depthUncertainty",
    "headerName": "Depth Std Deviation",
    "headerTooltip": "Depth standard deviation",
    "valueFormatter": [Function],
    "valueGetter": [Function],
    "width": 150,
  },
  {
    "comparator": [Function],
    "field": "magnitudeMb",
    "filterValueGetter": [Function],
    "headerName": "mb",
    "headerTooltip": "Body wave magnitude",
    "valueFormatter": [Function],
    "width": 60,
  },
  {
    "comparator": [Function],
    "field": "magnitudeMs",
    "filterValueGetter": [Function],
    "headerName": "ms",
    "headerTooltip": "Surface wave magnitude",
    "valueFormatter": [Function],
    "width": 60,
  },
  {
    "comparator": [Function],
    "field": "magnitudeMl",
    "filterValueGetter": [Function],
    "headerName": "ml",
    "headerTooltip": "Local magnitude",
    "valueFormatter": [Function],
    "width": 60,
  },
  {
    "field": "numberAssociated",
    "headerName": "# Associated",
    "headerTooltip": "Number of associated signal detections",
    "valueFormatter": [Function],
    "width": 140,
  },
  {
    "field": "numberDefining",
    "headerName": "# Defining",
    "headerTooltip": "Number of time defining signal detections",
    "valueFormatter": [Function],
    "width": 125,
  },
  {
    "field": "observationsStandardDeviation",
    "headerName": "Sdobs",
    "headerTooltip": "Standard deviation of observations",
    "valueFormatter": [Function],
  },
  {
    "field": "coverageSemiMajorAxis",
    "headerName": "Coverage semi-major",
    "headerTooltip": "Coverage semi-major axis in kilometers",
    "valueFormatter": [Function],
    "width": 130,
  },
  {
    "field": "coverageSemiMinorAxis",
    "headerName": "Coverage semi-minor",
    "headerTooltip": "Coverage semi-minor axis in kilometers",
    "valueFormatter": [Function],
    "width": 130,
  },
  {
    "field": "confidenceSemiMajorAxis",
    "headerName": "Confidence semi-major",
    "headerTooltip": "Confidence semi-major axis in kilometers",
    "valueFormatter": [Function],
    "width": 130,
  },
  {
    "field": "confidenceSemiMinorAxis",
    "headerName": "Confidence semi-minor",
    "headerTooltip": "Confidence semi-minor axis in kilometers",
    "valueFormatter": [Function],
    "width": 130,
  },
  {
    "field": "region",
    "headerName": "Region",
    "headerTooltip": "Region",
  },
  {
    "field": "activeAnalysts",
    "headerName": "Active analysts",
    "headerTooltip": "Active analysts",
    "tooltipValueGetter": [Function],
    "valueFormatter": [Function],
    "valueGetter": [Function],
    "width": 200,
  },
  {
    "field": "preferred",
    "headerName": "Preferred in stage",
    "headerTooltip": "Preferred in stage",
    "valueFormatter": [Function],
    "width": 115,
  },
  {
    "cellRendererFramework": [Function],
    "field": "status",
    "headerName": "Workflow status",
    "headerTooltip": "Workflow status",
    "width": 110,
  },
  {
    "field": "rejected",
    "headerName": "Rejected",
    "headerTooltip": "Rejected",
    "valueFormatter": [Function],
    "width": 110,
  },
  {
    "field": "deleted",
    "headerName": "Deleted",
    "headerTooltip": "Deleted",
    "valueFormatter": [Function],
  },
]
`;
