// Jest Snapshot v1, https://goo.gl/fbAQLP

exports[`Update Fk after computeFkSpectra call update Fk COI 1`] = `
{
  "configuration": {
    "contributingChannelsConfiguration": [
      {
        "enabled": true,
        "id": "BRTR.BR101.SHZ",
        "name": "BRTR.BR101.SHZ",
      },
      {
        "enabled": true,
        "id": "BRTR.BR102.SHZ",
        "name": "BRTR.BR102.SHZ",
      },
      {
        "enabled": true,
        "id": "BRTR.BR103.SHZ",
        "name": "BRTR.BR103.SHZ",
      },
      {
        "enabled": true,
        "id": "BRTR.BR104.SHZ",
        "name": "BRTR.BR104.SHZ",
      },
      {
        "enabled": true,
        "id": "BRTR.BR105.SHZ",
        "name": "BRTR.BR105.SHZ",
      },
      {
        "enabled": true,
        "id": "BRTR.BR106.SHZ",
        "name": "BRTR.BR106.SHZ",
      },
      {
        "enabled": true,
        "id": "BRTR.BR131.BHE",
        "name": "BRTR.BR131.BHE",
      },
      {
        "enabled": true,
        "id": "BRTR.BR131.BHN",
        "name": "BRTR.BR131.BHN",
      },
      {
        "enabled": true,
        "id": "BRTR.BR131.BHZ",
        "name": "BRTR.BR131.BHZ",
      },
    ],
    "leadFkSpectrumSeconds": 1,
    "maximumSlowness": 40,
    "mediumVelocity": 5.8,
    "normalizeWaveforms": false,
    "numberOfPoints": 81,
    "useChannelVerticalOffset": false,
  },
  "contribChannels": [],
  "endTime": 2302,
  "fstatData": {
    "azimuthWf": {
      "endTime": 2302,
      "sampleCount": 151,
      "sampleRateHz": 0.5,
      "samples": [
        322.431407971,
        217.874983651,
        285.255118703,
        197.102728969,
        194.931417178,
        235.007979801,
        315,
        259.380344724,
        280.304846469,
        233.130102354,
        160.559965172,
        278.746162263,
        254.054604099,
        236.309932474,
        244.798876355,
        270,
        235.619655276,
        221.987212496,
        244.798876355,
        263.157226587,
        210.465544919,
        229.763641691,
        167.905242923,
        188.746162263,
        246.801409486,
        169.992020199,
        254.054604099,
        218.659808254,
        251.565051177,
        284.036243468,
        270,
        288.434948823,
        296.565051177,
        284.036243468,
        270,
        270,
        288.434948823,
        288.434948823,
        288.434948823,
        296.565051177,
        303.690067526,
        225,
        225,
        230.194428908,
        26.5650511771,
        308.290163192,
        313.025065989,
        285.945395901,
        217.405356631,
        344.054604099,
        296.565051177,
        180,
        323.615648184,
        305.537677792,
        281.309932474,
        225,
        315,
        315,
        296.565051177,
        108.434948823,
        161.565051177,
        284.036243468,
        291.370622269,
        14.0362434679,
        157.520565603,
        243.434948823,
        129.805571092,
        180,
        297.758540601,
        33.690067526,
        14.0362434679,
        194.036243468,
        293.749494493,
        26.5650511771,
        296.565051177,
        355.236358309,
        85.0302592719,
        297.897271031,
        330.255118703,
        0,
        291.801409486,
        180,
        345.963756532,
        344.054604099,
        354.289406863,
        180,
        255.068582822,
        45,
        168.690067526,
        347.471192291,
        206.565051177,
        284.036243468,
        251.565051177,
        213.690067526,
        190.304846469,
        28.610459666,
        170.134193057,
        270,
        329.036243468,
        180,
        243.434948823,
        182.726310994,
        261.253837737,
        218.659808254,
        230.194428908,
        159.67686317,
        215.537677792,
        246.801409486,
        254.475889003,
        282.094757077,
        281.309932474,
        281.309932474,
        270,
        284.036243468,
        255.963756532,
        228.814074834,
        326.309932474,
        146.309932474,
        296.565051177,
        206.565051177,
        197.102728969,
        262.874983651,
        255.963756532,
        255.963756532,
        236.309932474,
        254.054604099,
        261.869897646,
        251.565051177,
        293.198590514,
        278.130102354,
        308.659808254,
        203.198590514,
        270,
        306.869897646,
        255.963756532,
        206.565051177,
        284.036243468,
        258.690067526,
        209.744881297,
        234.462322208,
        307.303948278,
        264.289406863,
        213.690067526,
        285.945395901,
        305.537677792,
        288.434948823,
        258.690067526,
        310.601294645,
        239.036243468,
        240.642246457,
        246.801409486,
      ],
      "startTime": 2000,
      "type": "FK_SPECTRA",
    },
    "fstatWf": {
      "endTime": 2302,
      "sampleCount": 151,
      "sampleRateHz": 0.5,
      "samples": [
        11.1391088585,
        14.0372930106,
        7.18088298536,
        58.0335293877,
        40.602210698,
        8.63647600649,
        12.9750533224,
        11.2946067621,
        26.1136650475,
        16.7943855778,
        21.913027435,
        17.1730054506,
        15.6991888392,
        32.5975084656,
        32.3110859828,
        22.331583767,
        52.5387474337,
        8.82102510006,
        39.8392706069,
        12.0900103609,
        17.9166684347,
        34.7415229891,
        54.8329720826,
        35.7410760407,
        122.377063799,
        22.9167105026,
        70.8916095767,
        41.3125784353,
        26.7368108887,
        271.913487877,
        88.7449589977,
        131.066457894,
        93.4001590525,
        145.757910663,
        163.279876724,
        83.9625877264,
        46.6349297363,
        64.2858611097,
        106.77140295,
        94.7749833121,
        75.5204773079,
        11.3915619243,
        10.1128107558,
        8.62819900521,
        10.4939780524,
        23.7495304366,
        13.2163659128,
        6.9721825943,
        7.77384438488,
        10.0141916804,
        5.08846607145,
        17.4941437015,
        5.93246797554,
        7.05183278919,
        55.763858898,
        52.906657773,
        25.451452389,
        51.1906341735,
        23.4798588537,
        7.21354766252,
        9.53414770108,
        14.3374460441,
        9.8043909526,
        9.85053950073,
        4.75222038207,
        9.31474970037,
        7.63782346835,
        10.6798016555,
        11.2470269538,
        11.9803367165,
        9.63515979046,
        22.9579533702,
        14.5329733287,
        7.17064694454,
        9.22258704701,
        8.72139161889,
        7.08565182814,
        9.2014695391,
        16.938221518,
        9.63907264729,
        47.7956736708,
        5.7379832598,
        23.6283928777,
        24.0064794142,
        25.5057338911,
        7.77995618682,
        8.30826446628,
        8.05613393216,
        20.8116006749,
        5.56365195379,
        8.18415644309,
        20.8445279997,
        39.1005354267,
        49.7156083228,
        17.5086949763,
        9.24722262626,
        32.4882452932,
        19.1440221464,
        32.17596964,
        10.7145025149,
        10.0941822543,
        8.40537788854,
        42.0254744233,
        17.3241734412,
        32.3939812877,
        7.68930484181,
        29.8110551293,
        18.5707630735,
        9.07060320447,
        39.1753693725,
        39.925684783,
        12.5406104887,
        64.1079745646,
        36.5620443159,
        40.5074270272,
        15.6793404212,
        32.3634572888,
        16.1819749343,
        8.98043991969,
        60.41114236,
        35.1813737748,
        27.7856152432,
        43.019194651,
        27.5709636544,
        25.3993848571,
        116.724378101,
        43.6317513742,
        16.361305991,
        10.3280259977,
        10.1361214858,
        73.8726146829,
        21.0321102012,
        84.1920947696,
        57.0845625331,
        11.8737800581,
        48.4736644465,
        84.3470333988,
        49.9926852349,
        41.1780352845,
        27.6088754686,
        9.15529505827,
        39.742735469,
        30.266270701,
        51.5500831476,
        28.0831438255,
        45.9434458039,
        40.7338400596,
        31.4728399974,
        48.9491819535,
        28.9345506799,
        20.277667923,
      ],
      "startTime": 2000,
      "type": "FK_SPECTRA",
    },
    "slownessWf": {
      "endTime": 2302,
      "sampleCount": 151,
      "sampleRateHz": 0.5,
      "samples": [
        16.4012194669,
        22.803508502,
        22.803508502,
        13.6014705087,
        15.5241746963,
        12.2065556157,
        1.41421356237,
        16.2788205961,
        11.1803398875,
        5,
        18.0277563773,
        13.152946438,
        21.8403296678,
        14.4222051019,
        18.7882942281,
        1,
        23.0217288664,
        26.9072480941,
        18.7882942281,
        25.179356624,
        19.7230829233,
        17.0293863659,
        14.3178210633,
        13.152946438,
        15.2315462117,
        17.2626765016,
        7.28010988928,
        6.40312423743,
        12.6491106407,
        4.12310562562,
        4,
        3.16227766017,
        4.472135955,
        4.12310562562,
        3,
        3,
        3.16227766017,
        3.16227766017,
        3.16227766017,
        4.472135955,
        3.60555127546,
        1.41421356237,
        5.65685424949,
        15.6204993518,
        2.2360679775,
        24.2074368738,
        20.5182845287,
        7.28010988928,
        21.400934559,
        7.28010988928,
        8.94427191,
        6,
        23.6008474424,
        17.2046505341,
        5.09901951359,
        1.41421356237,
        1.41421356237,
        1.41421356237,
        2.2360679775,
        25.2982212813,
        6.32455532034,
        8.24621125124,
        24.6981780705,
        8.24621125124,
        31.384709653,
        22.360679775,
        7.81024967591,
        7,
        21.4709105536,
        14.4222051019,
        12.3693168769,
        16.4924225025,
        27.3130005675,
        15.6524758425,
        17.88854382,
        24.0831891576,
        23.0867927612,
        19.2353840617,
        8.0622577483,
        24,
        10.7703296143,
        8,
        8.24621125124,
        7.28010988928,
        10.0498756211,
        7,
        15.5241746963,
        1.41421356237,
        5.09901951359,
        9.21954445729,
        6.7082039325,
        4.12310562562,
        3.16227766017,
        14.4222051019,
        11.1803398875,
        12.5299640861,
        23.3452350599,
        3,
        11.6619037897,
        3,
        2.2360679775,
        21.0237960416,
        13.152946438,
        6.40312423743,
        7.81024967591,
        28.7923600978,
        8.60232526704,
        22.8473193176,
        18.6815416923,
        14.3178210633,
        15.2970585408,
        10.1980390272,
        8,
        8.24621125124,
        12.3693168769,
        21.2602916255,
        7.21110255093,
        3.60555127546,
        8.94427191,
        11.1803398875,
        13.6014705087,
        8.0622577483,
        12.3693168769,
        8.24621125124,
        7.21110255093,
        7.28010988928,
        7.07106781187,
        3.16227766017,
        7.61577310586,
        7.07106781187,
        6.40312423743,
        7.61577310586,
        4,
        5,
        4.12310562562,
        8.94427191,
        8.24621125124,
        5.09901951359,
        8.0622577483,
        8.60232526704,
        26.4007575649,
        10.0498756211,
        7.21110255093,
        7.28010988928,
        8.60232526704,
        9.48683298051,
        5.09901951359,
        9.21954445729,
        11.6619037897,
        18.3575597507,
        7.61577310586,
      ],
      "startTime": 2000,
      "type": "FK_SPECTRA",
    },
  },
  "highFrequency": 6,
  "lowFrequency": 3,
  "metadata": {
    "phaseType": "P",
    "slowDeltaX": 111.19492664455875,
    "slowDeltaY": 111.19492664455875,
    "slowStartX": -4447.79706578235,
    "slowStartY": -4447.79706578235,
  },
  "reviewed": false,
  "sampleCount": 151,
  "sampleRateHz": 0.5,
  "startTime": 2000,
  "stepSize": 5,
  "type": "FK_SPECTRA",
  "values": [],
  "windowLead": 1,
  "windowLength": 4,
}
`;

exports[`Update Fk after computeFkSpectra call update Fk COI can handle undefined 1`] = `undefined`;
